; Report & Chart data for School for type
;

[property]
schoolwise = 0


[header]
; you can write as many titles as title1, title2, ... 
title1 = "Last Year Secondary Level Total Enrollment, Appeared and Passed in Exam by class"

[prereq]
prereq1title = "School Type"
prereq1options = "All | Government Aided | Community Managed | Quota Teachers | Government Unaided | Government Supported (Excluding Religious) |  Government Supported (Including Religious) | Institutional but Private Trust | Institutional but Public Trust | Institutional but Company | Institutional (All) | Madrassas | Gumbas | Ashrams| Religious (All)"
prereq1clauses ="(mast_school_type.class1>0 or mast_school_type.class6>0)|

((mast_school_type.class1=1 and mast_school_type.class6=0) or (mast_school_type.class1=0 and mast_school_type.class6=1) or (mast_school_type.class1=1 and mast_school_type.class6=1))|
((mast_school_type.class1=2 and mast_school_type.class6=0) or (mast_school_type.class1=0 and mast_school_type.class6=2) or (mast_school_type.class1=2 and mast_school_type.class6=2))|
((mast_school_type.class1=3 and mast_school_type.class6=0) or (mast_school_type.class1=0 and mast_school_type.class6=3) or (mast_school_type.class1=3 and mast_school_type.class6=3))|
((mast_school_type.class1=4 and mast_school_type.class6=0) or (mast_school_type.class1=0 and mast_school_type.class6=4) or (mast_school_type.class1=4 and mast_school_type.class6=4))|

(((mast_school_type.class1=1 or mast_school_type.class1=2 or mast_school_type.class1=3 or mast_school_type.class1=4) and (mast_school_type.class6=1 or mast_school_type.class6=2 or mast_school_type.class6=3 or mast_school_type.class6=4)) or ((mast_school_type.class1=1 or mast_school_type.class1=2 or mast_school_type.class1=3 or mast_school_type.class1=4) and mast_school_type.class6=0) or ((mast_school_type.class6=1 or mast_school_type.class6=2 or mast_school_type.class6=3 or mast_school_type.class6=4) and mast_school_type.class1=0)) | 

(((mast_school_type.class1=1 or mast_school_type.class1=2 or mast_school_type.class1=3 or mast_school_type.class1=4 or mast_school_type.class1=8 or mast_school_type.class1=9 or mast_school_type.class1=10) and (mast_school_type.class6=1 or mast_school_type.class6=2 or mast_school_type.class6=3 or mast_school_type.class6=4 or mast_school_type.class6=8 or mast_school_type.class6=9 or mast_school_type.class6=10)) or ((mast_school_type.class1=1 or mast_school_type.class1=2 or mast_school_type.class1=3 or mast_school_type.class1=4 or mast_school_type.class1=8 or mast_school_type.class1=9 or mast_school_type.class1=10) and mast_school_type.class6=0) or ((mast_school_type.class6=1 or mast_school_type.class6=2 or mast_school_type.class6=3 or mast_school_type.class6=4 or mast_school_type.class6=8 or mast_school_type.class6=9 or mast_school_type.class6=10) and mast_school_type.class1=0)) | 

((mast_school_type.class1=5 and mast_school_type.class6=0) or (mast_school_type.class1=0 and mast_school_type.class6=5) or (mast_school_type.class1=5 and mast_school_type.class6=5))|
((mast_school_type.class1=6 and mast_school_type.class6=0) or (mast_school_type.class1=0 and mast_school_type.class6=6) or (mast_school_type.class1=6 and mast_school_type.class6=6))|
((mast_school_type.class1=7 and mast_school_type.class6=0) or (mast_school_type.class1=0 and mast_school_type.class6=7) or (mast_school_type.class1=7 and mast_school_type.class6=7))|

(((mast_school_type.class1=5 or mast_school_type.class1=6 or mast_school_type.class1=7) and (mast_school_type.class6=5 or mast_school_type.class6=6 or mast_school_type.class6=7)) or ((mast_school_type.class1=5 or mast_school_type.class1=6 or mast_school_type.class1=7) and mast_school_type.class6=0) or ((mast_school_type.class6=5 or mast_school_type.class6=6 or mast_school_type.class6=7) and mast_school_type.class1=0)) | 

((mast_school_type.class1=8 and mast_school_type.class6=0) or (mast_school_type.class1=0 and mast_school_type.class6=8) or (mast_school_type.class1=8 and mast_school_type.class6=8))|
((mast_school_type.class1=9 and mast_school_type.class6=0) or (mast_school_type.class1=0 and mast_school_type.class6=9) or (mast_school_type.class1=9 and mast_school_type.class6=9))|
((mast_school_type.class1=10 and mast_school_type.class6=0) or (mast_school_type.class1=0 and mast_school_type.class6=10) or (mast_school_type.class1=10 and mast_school_type.class6=10))|

(((mast_school_type.class1=8 or mast_school_type.class1=9 or mast_school_type.class1=10) and (mast_school_type.class6=8 or mast_school_type.class6=9 or mast_school_type.class6=10)) or ((mast_school_type.class1=8 or mast_school_type.class1=9 or mast_school_type.class1=10) and mast_school_type.class6=0) or ((mast_school_type.class6=8 or mast_school_type.class6=9 or mast_school_type.class6=10) and mast_school_type.class1=0))"

prereq2title = "ECD/PPC Status"
prereq2options = "All schools | Schools with ECD/PPC | Schools without ECD/PPC"
prereq2clauses = "(mast_school_type.ecd is null or mast_school_type.ecd is not null and (mast_school_type.class1>0 or mast_school_type.class6>0 or mast_school_type.class9>0 or mast_school_type.class11>0))| (mast_school_type.ecd>0 and (mast_school_type.class1>0 or mast_school_type.class6>0 or mast_school_type.class9>0 or mast_school_type.class9>0))| (mast_school_type.ecd is null or mast_school_type.ecd=0 and (mast_school_type.class1>0 or mast_school_type.class6>0 or mast_school_type.class9>0 or mast_school_type.class11>0))"

prereq3title = "Select Class"
prereq3options = " Class 9-10 | Class 9| Class 10"
prereq3clauses = "last_class9_10_enroll_f1.class>0 | last_class9_10_enroll_f1.class=9|last_class9_10_enroll_f1.class=10"

prereq4title = "Year"
prereq4options = "2065|2064|2063|2062"
prereq4clauses = "mast_schoollist.sch_year=2065 and mast_school_type.sch_year=2065 |mast_schoollist.sch_year=2064 and mast_school_type.sch_year=2064 |mast_schoollist.sch_year=2063 and mast_school_type.sch_year=2063 |mast_schoollist.sch_year=2062 and mast_school_type.sch_year=2062"

[tableheader]
row1 = "Code / Name [3,2] |Ward [3,1] | Location [3,1] | A/C No [3,1] | Total[9] | Dalit [9] | Janjati [9] | Others [9]"
row2 = "Enrollment [3] | Exam Appearance [3] | Exam Passed [3] | Enrollment [3] | Exam Appearance [3] | Exam Passed [3] | Enrollment [3] | Exam Appearance [3] | Exam Passed [3] | Enrollment [3] | Exam Appearance [3] | Exam Passed [3]"
row3 = "G|B|T | G|B|T | G|B|T | G|B|T | G|B|T | G|B|T | G|B|T | G|B|T | G|B|T | G|B|T | G|B|T | G|B|T"

[row]
datacheck = "select mast_schoollist.sch_num from mast_schoollist left join mast_school_type using (sch_num, sch_year) left join last_class9_10_enroll_f1 using (sch_num, sch_year) where mast_schoollist.flash1=1"

query1 = "select mast_schoollist.wardno from mast_schoollist left join mast_school_type using (sch_num, sch_year) left join last_class9_10_enroll_f1 using (sch_num, sch_year) where mast_schoollist.flash1=1"

query2 = "select mast_schoollist.location from mast_schoollist left join mast_school_type using (sch_num, sch_year) left join last_class9_10_enroll_f1 using (sch_num, sch_year) where mast_schoollist.flash1=1"

query3 = "select mast_schoollist.account_no from mast_schoollist left join mast_school_type using (sch_num, sch_year) left join last_class9_10_enroll_f1 using (sch_num, sch_year) where mast_schoollist.flash1=1"

query4 = "select sum(tot_enroll_total_f), sum(tot_enroll_total_m), sum(tot_enroll_total_t), sum(tot_appeared_exam_total_f), sum(tot_appeared_exam_total_m), sum(tot_appeared_exam_total_t), sum(tot_passed_exam_total_f), sum(tot_passed_exam_total_m), sum(tot_passed_exam_total_t) from mast_schoollist left join mast_school_type using (sch_num, sch_year) left join last_class9_10_enroll_f1 using (sch_num, sch_year) where mast_schoollist.flash1=1"

query5 = "select sum(tot_enroll_dalit_f), sum(tot_enroll_dalit_m), sum(tot_enroll_dalit_t), sum(tot_appeared_exam_dalit_f), sum(tot_appeared_exam_dalit_m), sum(tot_appeared_exam_dalit_t), sum(tot_passed_exam_dalit_f), sum(tot_passed_exam_dalit_m), sum(tot_passed_exam_dalit_t) from mast_schoollist left join mast_school_type using (sch_num, sch_year) left join last_class9_10_enroll_f1 using (sch_num, sch_year) where mast_schoollist.flash1=1"

query6 = "select sum(tot_enroll_janjati_f), sum(tot_enroll_janjati_m), sum(tot_enroll_janjati_t), sum(tot_appeared_exam_janjati_f), sum(tot_appeared_exam_janjati_m), sum(tot_appeared_exam_janjati_t), sum(tot_passed_exam_janjati_f), sum(tot_passed_exam_janjati_m), sum(tot_passed_exam_janjati_t) from mast_schoollist left join mast_school_type using (sch_num, sch_year) left join last_class9_10_enroll_f1 using (sch_num, sch_year) where mast_schoollist.flash1=1"

query7 = "select sum(tot_enroll_others_f), sum(tot_enroll_others_m), sum(tot_enroll_others_t), sum(tot_appeared_exam_others_f), sum(tot_appeared_exam_others_m), sum(tot_appeared_exam_others_t), sum(tot_passed_exam_others_f), sum(tot_passed_exam_others_m), sum(tot_passed_exam_others_t) from mast_schoollist left join mast_school_type using (sch_num, sch_year) left join last_class9_10_enroll_f1 using (sch_num, sch_year) where mast_schoollist.flash1=1"
