 ; Report & Chart data for School for type
;

[header]
; you can write as many titles as title1, title2, ... 
title1 = "Secondary Level Exam Appearance by Social Groups"


[prereq]
prereq1title = "School Type"
prereq1options = "All | Government Aided | Community Managed | Quota Teachers | Government Unaided | Government Supported (All) |  Institutional but Private Trust | Institutional but Public Trust | Institutional but Company | Institutional (All) | Madrassas | Gumbas | Ashrams| Relgious (All)"
prereq1clauses ="mast_school_type.class9<11|mast_school_type.class9=1|mast_school_type.class9=2|mast_school_type.class9=3 | mast_school_type.class9=4 | (mast_school_type.class9=1 or mast_school_type.class9=2 or mast_school_type.class9=3 or mast_school_type.class9=4) | mast_school_type.class9=5 | mast_school_type.class9=6 | mast_school_type.class9=7 | (mast_school_type.class9=5 or mast_school_type.class9=6 or mast_school_type.class9=7) | mast_school_type.class9=8 | mast_school_type.class9=9 | mast_school_type.class9=10 | (mast_school_type.class9=8 or mast_school_type.class9=9 or mast_school_type.class9=10)"


prereq2title = "Year"
prereq2options = "2065|2064|2063|2062"
prereq2clauses = "mast_schoollist.sch_year=2065 and mast_school_type.sch_year=2065|mast_schoollist.sch_year=2064 and mast_school_type.sch_year=2064|mast_schoollist.sch_year=2063 and mast_school_type.sch_year=2063|mast_schoollist.sch_year=2062 and mast_school_type.sch_year=2062"

[tableheader]
row1 = "Code / Name [2,2] | Grade 9 [3] | Grade 10 [3] | Grade 9-10 [3]"
row2 = "Total | Dalit | Janjati | Total | Dalit | Janjati | Total | Dalit | Janjati "

[row]
datacheck = "select distinct mast_schoollist.sch_num from mast_schoollist inner join mast_school_type using (sch_num, sch_year) inner join class9_10_enroll_app using (sch_num, sch_year) where mast_schoollist.flash=2 and mast_school_type.flash=2"

query1 = "select sum(tot_appeared_exam_total_t), sum(tot_appeared_exam_dalit_t), sum(tot_appeared_exam_janjati_t) from mast_schoollist inner join mast_school_type using (sch_num, sch_year) inner join class9_10_enroll_app using (sch_num, sch_year) where mast_schoollist.flash=2 and mast_school_type.flash=2 and class9_10_enroll_app.class=9"

query2 = "select sum(tot_appeared_exam_total_t), sum(tot_appeared_exam_dalit_t), sum(tot_appeared_exam_janjati_t) from mast_schoollist inner join mast_school_type using (sch_num, sch_year) inner join class9_10_enroll_app using (sch_num, sch_year) where mast_schoollist.flash=2 and mast_school_type.flash=2 and class9_10_enroll_app.class=10"

query3 = "select sum(tot_appeared_exam_total_t), sum(tot_appeared_exam_dalit_t), sum(tot_appeared_exam_janjati_t) from mast_schoollist inner join mast_school_type using (sch_num, sch_year) inner join class9_10_enroll_app using (sch_num, sch_year) where mast_schoollist.flash=2 and mast_school_type.flash=2"

