[header]
title1 = "Basic Level (Grade 1-5) Janjati Enrollment by age"

[prereq]
prereq1title = "School Type"
prereq1options = "All | Government Aided | Community Managed | Quota Teachers | Government Unaided | Government Supported (Excluding Religious) |  Government Supported (Including Religious) | Institutional but Private Trust | Institutional but Public Trust | Institutional but Company | Institutional (All) | Madrassas | Gumbas | Ashrams| Religious (All)"
prereq1clauses ="mast_school_type.class1<11|mast_school_type.class1=1|mast_school_type.class1=2|mast_school_type.class1=3 | mast_school_type.class1=4 | (mast_school_type.class1=1 or mast_school_type.class1=2 or mast_school_type.class1=3 or mast_school_type.class1=4) | (mast_school_type.class1=1 or mast_school_type.class1=2 or mast_school_type.class1=3 or mast_school_type.class1=4 or mast_school_type.class1=8 or mast_school_type.class1=9 or mast_school_type.class1=10) | mast_school_type.class1=5 | mast_school_type.class1=6 | mast_school_type.class1=7 | (mast_school_type.class1=5 or mast_school_type.class1=6 or mast_school_type.class1=7) | mast_school_type.class1=8 | mast_school_type.class1=9 | mast_school_type.class1=10 | (mast_school_type.class1=8 or mast_school_type.class1=9 or mast_school_type.class1=10)"

prereq2title = "ECD/PPC Status"
prereq2options = "All schools | Schools with ECD/PPC | Schools without ECD/PPC"
prereq2clauses = "(mast_school_type.ecd is null or mast_school_type.ecd is not null and (mast_school_type.class1>0 or mast_school_type.class6>0 or mast_school_type.class9>0 or mast_school_type.class11>0))| (mast_school_type.ecd>0 and (mast_school_type.class1>0 or mast_school_type.class6>0 or mast_school_type.class9>0 or mast_school_type.class9>0))| (mast_school_type.ecd is null or mast_school_type.ecd=0 and (mast_school_type.class1>0 or mast_school_type.class6>0 or mast_school_type.class9>0 or mast_school_type.class11>0))"

prereq3title = "Select Class"
prereq3options = "Class 1-5 | Class 1 | Class 2 | Class 3 | Class 4 | Class 5"
prereq3clauses = "pr_janjati_enroll_age_f1.class>0|pr_janjati_enroll_age_f1.class=1|pr_janjati_enroll_age_f1.class=2|pr_janjati_enroll_age_f1.class=3|pr_janjati_enroll_age_f1.class=4|pr_janjati_enroll_age_f1.class=5"

prereq4title = "Year"
prereq4options = "2065|2064|2063|2062"
prereq4clauses = "mast_schoollist.sch_year=2065 and mast_school_type.sch_year=2065|mast_schoollist.sch_year=2064 and mast_school_type.sch_year=2064|mast_schoollist.sch_year=2063 and mast_school_type.sch_year=2063|mast_schoollist.sch_year=2062 and mast_school_type.sch_year=2062"

[tableheader]
row1 = "Code / Name [3,2] | Ward [3,1]| Location [3,1]| A/C No [3,1] | Year 2066 Onwards [51]| Upto Year 2065 [6]"
row2 = "<5 [3]  | <6 [3]  | <7 [3] | <8 [3] | <9 [3] | 5 [3]  | 6 [3]  | 7 [3]  | 8 [3]  | 9 [3]  | 10 [3] | 11 [3] | 12 [3] | >9 [3] | >10 [3]  | >11 [3]  |  >12 [3] | 7 to 9 [3] | 8 to 9 [3] "
row3 = "G|B|T|G|B|T|G|B|T|G|B|T|G|B|T|G|B|T|G|B|T|G|B|T|G|B|T|G|B|T|G|B|T|G|B|T|G|B|T|G|B|T|G|B|T|G|B|T|G|B|T|G|B|T|G|B|T"

[row]
datacheck = "select distinct mast_schoollist.sch_num from mast_schoollist left join mast_school_type using (sch_num, sch_year) left join pr_janjati_enroll_age_f1 using (sch_num, sch_year) where mast_schoollist.flash1=1 and mast_school_type.class1>0"

query1 = "select mast_schoollist.wardno from mast_schoollist left join mast_school_type using (sch_num, sch_year) left join pr_janjati_enroll_age_f1 using (sch_num, sch_year) where mast_schoollist.flash1=1"

query2 = "select mast_schoollist.location from mast_schoollist left join mast_school_type using (sch_num, sch_year) left join pr_janjati_enroll_age_f1 using (sch_num, sch_year) where mast_schoollist.flash1=1"

query3 = "select mast_schoollist.account_no from mast_schoollist left join mast_school_type using (sch_num, sch_year) left join pr_janjati_enroll_age_f1 using (sch_num, sch_year) where mast_schoollist.flash1=1"

query4 = "SELECT sum(f_l5),sum(m_l5),sum(t_l5),sum(f_l6),sum(m_l6),sum(t_l6),sum(f_l7),sum(m_l7),sum(t_l7),sum(f_l8),sum(m_l8),sum(t_l8),sum(f_l9),sum(m_l9),sum(t_l9),sum(f_5),sum(m_5),sum(t_5),sum(f_6),sum(m_6),sum(t_6), sum(f_7),sum(m_7),sum(t_7), sum(f_8),sum(m_8),sum(t_8),sum(f_9),sum(m_9),sum(t_9),sum(f_10),sum(m_10),sum(t_10),sum(f_11),sum(m_11),sum(t_11),sum(f_12),sum(m_12),sum(t_12),sum(f_g9),sum(m_g9),sum(t_g9),sum(f_g10),sum(m_g10),sum(t_g10),sum(f_g11),sum(m_g11),sum(t_g11),sum(f_g12),sum(m_g12),sum(t_g12),sum(f_7_9),sum(m_7_9),sum(t_7_9),sum(f_8_9),sum(m_8_9),sum(t_8_9) from mast_schoollist left join mast_school_type using (sch_num, sch_year) left join pr_janjati_enroll_age_f1 using (sch_num, sch_year) where mast_schoollist.flash1=1"


