
[header]
title1 = "Class 1 Janjati Agewise Enrollment"

[prereq]
prereq1title = "School Type"
prereq1options = "All | Government Aided | Community Managed | Quota Teachers | Government Unaided | Government Supported | Institutional (All) | Institutional but Private Trust | Institutional but Public Trust | Institutional but Company | Madrassas | Gumbas | Ashrams| SOP"
prereq1clauses = "mast_school_type.class1<11|mast_school_type.class1=1|mast_school_type.class1=2|mast_school_type.class1=3 | mast_school_type.class1=4 | (mast_school_type.class1=1 or mast_school_type.class1=2 or mast_school_type.class1=3 or mast_school_type.class1=4) | (mast_school_type.class1=5 or mast_school_type.class1=6 or mast_school_type.class1=7) | mast_school_type.class1=5 | mast_school_type.class1=6 | mast_school_type.class1=7 | mast_school_type.class1=8 | mast_school_type.class1=9 | mast_school_type.class1=10 | mast_school_type.class1=11"

prereq2title = "Year"
prereq2options = "2066|2065|2064|2063"
prereq2clauses = "mast_schoollist.sch_year=2066 and mast_school_type.sch_year=2066|mast_schoollist.sch_year=2065 and mast_school_type.sch_year=2065|mast_schoollist.sch_year=2064 and mast_school_type.sch_year=2064|mast_schoollist.sch_year=2063 and mast_school_type.sch_year=2063"
[tableheader]
row1 = "Code / Name [3,2] | Class 1 [21] | Total [2,3]"
row2 = " Less than 5 [3]  |  5 years [3]  |  6 years [3]  |  7 years [3]  |  8 years [3]  |  9 years [3]  |  More than 9 [3] "
row3 = "G|B|T|G|B|T|G|B|T|G|B|T|G|B|T|G|B|T|G|B|T|G|B|T"

[row]
datacheck = "select distinct mast_schoollist.sch_num from mast_schoollist left join mast_school_type using (sch_num, sch_year) left join pr_janjati_enroll_age_f1 using (sch_num, sch_year) where mast_schoollist.flash=1 and mast_school_type.flash=1 and mast_school_type.class1>0"
query1 = "SELECT sum(f_l5),sum(m_l5),sum(t_l5),sum(f_5),sum(m_5),sum(t_5),sum(f_6),sum(m_6),sum(t_6),sum(f_7),sum(m_7),sum(t_7),sum(f_8),sum(m_8),sum(t_8),sum(f_9),sum(m_9),sum(t_9),sum(f_g9),sum(m_g9),sum(t_g9)  from mast_schoollist inner join mast_school_type using (sch_num, sch_year) inner join pr_janjati_enroll_age_f1 using (sch_num, sch_year) where mast_schoollist.flash=1 and pr_janjati_enroll_age_f1.class=1"
query2 = "#1+#4+#7+#10+#13+#16+#19"
query3 = "#2+#5+#8+#11+#14+#17+#20"
query4 = "#3+#6+#9+#12+#15+#18+#21"
