; Report & Chart data for ECD/PPC
;

[header]
; you can write as many titles as title1, title2, ... 
title1 = "ECD/PPC Enrollment"


[prereq]
prereq1title = "ECD Type"
prereq1options = "All | ECD | Nursery | LKG | UKG"
prereq1clauses ="ecdppc_enroll.ecd_class_type>0| ecdppc_enroll.ecd_class_type=1 | ecdppc_enroll.ecd_class_type=3 | ecdppc_enroll.ecd_class_type=4 | ecdppc_enroll.ecd_class_type=5"

prereq2title = "Year"
prereq2options = "2065|2064|2063|2062"
prereq2clauses = "mast_schoollist.sch_year=2065 and mast_school_type.sch_year=2065|mast_schoollist.sch_year=2064 and mast_school_type.sch_year=2064|mast_schoollist.sch_year=2063 and mast_school_type.sch_year=2063|mast_schoollist.sch_year=2062 and mast_school_type.sch_year=2062"

[tableheader]
row1 = "Code / Name [2,2] | Ward [2,1] | Location [2,1] | A/C No [2,1] | Total [3] | Dalit [3] | Janjati [3] | Others [3]"
row2 = "G | B | T | G | B | T | G | B | T | G | B | T"

[row]
datacheck = "select distinct(mast_schoollist.sch_num) from mast_schoollist left join mast_school_type using (sch_num, sch_year) left join ecdppc_enroll using (sch_num, sch_year) where mast_schoollist.flash2=1 and mast_schoollist.flash1=1"

query1 = "select (mast_schoollist.wardno) from mast_schoollist left join mast_school_type using (sch_num, sch_year) left join ecdppc_enroll using (sch_num, sch_year) where mast_schoollist.flash2=1 and mast_schoollist.flash1=1"

query2 = "select (mast_schoollist.location) from mast_schoollist left join mast_school_type using (sch_num, sch_year) left join ecdppc_enroll using (sch_num, sch_year) where mast_schoollist.flash2=1 and mast_schoollist.flash1=1"

query3 = "select (mast_schoollist.account_no) from mast_schoollist left join mast_school_type using (sch_num, sch_year) left join ecdppc_enroll using (sch_num, sch_year) where mast_schoollist.flash2=1 and mast_schoollist.flash1=1"

query4 = "select sum(tot_enroll_total_f) from mast_schoollist inner join mast_school_type using (sch_num, sch_year) inner join ecdppc_enroll using (sch_num, sch_year) where mast_schoollist.flash2=1 and mast_schoollist.flash1=1 and (ecdppc_enroll.ecd_class_type=1 or ecdppc_enroll.ecd_class_type>2)"

query5 = "select sum(tot_enroll_total_m) from mast_schoollist inner join mast_school_type using (sch_num, sch_year) inner join ecdppc_enroll using (sch_num, sch_year) where mast_schoollist.flash2=1 and mast_schoollist.flash1=1 and (ecdppc_enroll.ecd_class_type=1 or ecdppc_enroll.ecd_class_type>2)"

query6 = "select sum(tot_enroll_total_t) from mast_schoollist inner join mast_school_type using (sch_num, sch_year) inner join ecdppc_enroll using (sch_num, sch_year) where mast_schoollist.flash2=1 and mast_schoollist.flash1=1 and (ecdppc_enroll.ecd_class_type=1 or ecdppc_enroll.ecd_class_type>2)"

query7 = "select sum(tot_enroll_dalit_f) from mast_schoollist inner join mast_school_type using (sch_num, sch_year) inner join ecdppc_enroll using (sch_num, sch_year) where mast_schoollist.flash2=1 and mast_schoollist.flash1=1 and (ecdppc_enroll.ecd_class_type=1 or ecdppc_enroll.ecd_class_type>2)"

query8 = "select sum(tot_enroll_dalit_m) from mast_schoollist inner join mast_school_type using (sch_num, sch_year) inner join ecdppc_enroll using (sch_num, sch_year) where mast_schoollist.flash2=1 and mast_schoollist.flash1=1 and (ecdppc_enroll.ecd_class_type=1 or ecdppc_enroll.ecd_class_type>2)"

query9 = "select sum(tot_enroll_dalit_t) from mast_schoollist inner join mast_school_type using (sch_num, sch_year) inner join ecdppc_enroll using (sch_num, sch_year) where mast_schoollist.flash2=1 and mast_schoollist.flash1=1 and (ecdppc_enroll.ecd_class_type=1 or ecdppc_enroll.ecd_class_type>2)"

query10 = "select sum(tot_enroll_janjati_f) from mast_schoollist inner join mast_school_type using (sch_num, sch_year) inner join ecdppc_enroll using (sch_num, sch_year) where mast_schoollist.flash2=1 and mast_schoollist.flash1=1 and (ecdppc_enroll.ecd_class_type=1 or ecdppc_enroll.ecd_class_type>2)"

query11 = "select sum(tot_enroll_janjati_m) from mast_schoollist inner join mast_school_type using (sch_num, sch_year) inner join ecdppc_enroll using (sch_num, sch_year) where mast_schoollist.flash2=1 and mast_schoollist.flash1=1 and (ecdppc_enroll.ecd_class_type=1 or ecdppc_enroll.ecd_class_type>2)"

query12 = "select sum(tot_enroll_janjati_t) from mast_schoollist inner join mast_school_type using (sch_num, sch_year) inner join ecdppc_enroll using (sch_num, sch_year) where mast_schoollist.flash2=1 and mast_schoollist.flash1=1 and (ecdppc_enroll.ecd_class_type=1 or ecdppc_enroll.ecd_class_type>2)"

query13 = "#4-(#7+#10)";
query14 = "#5-(#8+#11)";
query15 = "#6-(#9+#12)";
